[themewagon.github.io/shopmax/index.html]
[backblue.gif]
[fade.gif]
[index.html]
[themewagon.github.io/shopmax/fonts/icomoon/style.css]
[themewagon.github.io/shopmax/css/bootstrap.min.css]
[themewagon.github.io/shopmax/css/magnific-popup.css]
[themewagon.github.io/shopmax/css/jquery-ui.css]
[themewagon.github.io/shopmax/css/owl.carousel.min.css]
[themewagon.github.io/shopmax/css/owl.theme.default.min.css]
[themewagon.github.io/shopmax/css/aos.css]
[themewagon.github.io/shopmax/css/style.css]
[themewagon.github.io/shopmax/index-2.html]
[themewagon.github.io/shopmax/shop.html]
[themewagon.github.io/shopmax/contact.html]
[themewagon.github.io/shopmax/cart.html]
[themewagon.github.io/shopmax/images/model_3.png]
[themewagon.github.io/shopmax/images/model_4.png]
[themewagon.github.io/shopmax/images/model_5.png]
[themewagon.github.io/shopmax/images/model_6.png]
[themewagon.github.io/shopmax/images/prod_2.png]
[themewagon.github.io/shopmax/images/prod_3.png]
[themewagon.github.io/shopmax/images/prod_1.png]
[themewagon.github.io/shopmax/images/model_1.png]
[themewagon.github.io/shopmax/images/model_7.png]
[themewagon.github.io/shopmax/images/about_1.jpg]
[themewagon.github.io/shopmax/js/jquery-3.3.1.min.js]
[themewagon.github.io/shopmax/js/jquery-ui.js]
[themewagon.github.io/shopmax/js/popper.min.js]
[themewagon.github.io/shopmax/js/bootstrap.min.js]
[themewagon.github.io/shopmax/js/owl.carousel.min.js]
[themewagon.github.io/shopmax/js/jquery.magnific-popup.min.js]
[themewagon.github.io/shopmax/js/aos.js]
[themewagon.github.io/shopmax/js/main.js]
[themewagon.github.io/shopmax/index.html]
[themewagon.github.io/shopmax/fonts/icomoon/fonts/icomoon1a44.eot]
[themewagon.github.io/shopmax/fonts/icomoon/fonts/icomoon1a44.ttf]
[themewagon.github.io/shopmax/fonts/icomoon/fonts/icomoon1a44.woff]
[themewagon.github.io/shopmax/fonts/icomoon/style.css]
[themewagon.github.io/shopmax/css/bootstrap.min.css]
[themewagon.github.io/shopmax/css/magnific-popup.css]
[themewagon.github.io/shopmax/fonts/icomoon/fonts/icomoon1a44.svg]
[themewagon.github.io/shopmax/css/images/ui-bg_gloss-wave_55_5c9ccc_500x100.png]
[themewagon.github.io/shopmax/css/images/ui-bg_glass_85_dfeffc_1x400.png]
[themewagon.github.io/shopmax/css/images/ui-bg_glass_75_d0e5f5_1x400.png]
[themewagon.github.io/shopmax/css/images/ui-bg_inset-hard_100_f5f8f9_1x100.png]
[themewagon.github.io/shopmax/css/images/ui-bg_glass_95_fef1ec_1x400.png]
[themewagon.github.io/shopmax/css/images/ui-icons_469bdd_256x240.png]
[themewagon.github.io/shopmax/css/images/ui-icons_d8e7f3_256x240.png]
[themewagon.github.io/shopmax/css/images/ui-icons_6da8d5_256x240.png]
[themewagon.github.io/shopmax/css/images/ui-icons_217bc0_256x240.png]
[themewagon.github.io/shopmax/css/images/ui-icons_f9bd01_256x240.png]
[themewagon.github.io/shopmax/css/images/ui-icons_2e83ff_256x240.png]
[themewagon.github.io/shopmax/css/images/ui-icons_cd0a0a_256x240.png]
[themewagon.github.io/shopmax/css/jquery-ui.css]
[themewagon.github.io/shopmax/css/owl.video.play.png]
[themewagon.github.io/shopmax/css/owl.carousel.min.css]
[themewagon.github.io/shopmax/css/owl.theme.default.min.css]
[themewagon.github.io/shopmax/css/aos.css]
[themewagon.github.io/shopmax/css/style.css]
[themewagon.github.io/shopmax/index-2.html]
[themewagon.github.io/shopmax/shop.html]
[themewagon.github.io/shopmax/images/hero_2.jpg]
[themewagon.github.io/shopmax/contact.html]
[themewagon.github.io/shopmax/images/cloth_1.jpg]
[themewagon.github.io/shopmax/images/cloth_2.jpg]
[themewagon.github.io/shopmax/checkout.html]
[themewagon.github.io/shopmax/cart.html]
[themewagon.github.io/shopmax/fonts/icomoon/fonts/icomoon1a44.svg]
[themewagon.github.io/shopmax/css/images/ui-bg_gloss-wave_55_5c9ccc_500x100.html]
[themewagon.github.io/shopmax/css/images/ui-bg_glass_85_dfeffc_1x400.html]
[themewagon.github.io/shopmax/css/images/ui-bg_glass_75_d0e5f5_1x400.html]
[themewagon.github.io/shopmax/css/images/ui-bg_inset-hard_100_f5f8f9_1x100.html]
[themewagon.github.io/shopmax/css/images/ui-bg_glass_95_fef1ec_1x400.html]
[themewagon.github.io/shopmax/css/images/ui-icons_469bdd_256x240.html]
[themewagon.github.io/shopmax/css/images/ui-icons_d8e7f3_256x240.html]
[themewagon.github.io/shopmax/css/images/ui-icons_6da8d5_256x240.html]
[themewagon.github.io/shopmax/css/images/ui-icons_217bc0_256x240.html]
[themewagon.github.io/shopmax/css/images/ui-icons_f9bd01_256x240.html]
[themewagon.github.io/shopmax/css/images/ui-icons_2e83ff_256x240.html]
[themewagon.github.io/shopmax/css/images/ui-icons_cd0a0a_256x240.html]
[themewagon.github.io/shopmax/css/owl.video.play.html]
[themewagon.github.io/shopmax/thankyou.html]
[themewagon.github.io/shopmax/checkout.html]
[themewagon.github.io/shopmax/thankyou.html]
